[    3165ms] [INFO] {msg: Route middleware incoming navigation, to: /admin/quiz/6882002b309dfb497db6eec5/23-subat-2025-turist-rehberligi-meslege-kabul-sinavi-sorulari, from: /admin/quiz/6882002b309dfb497db6eec5/23-subat-2025-turist-rehberligi-meslege-kabul-sinavi-sorulari, matchedRoutes: 1, runtime: client} @ https://cf.quizizz.com/nuxtssr/DMNITVgf.js:7
[    3227ms] [WARNING] [Vue warn]: Hydration text content mismatch on JSHandle@node 
  - rendered on server: Sitemap
  - expected on client: Site Haritası @ https://cf.quizizz.com/nuxtssr/DFRDhTPU.js:9
[    3228ms] [ERROR] Hydration completed but contains mismatches. @ https://cf.quizizz.com/nuxtssr/DFRDhTPU.js:9
[    3228ms] [WARNING] [Vue warn]: Hydration text content mismatch on JSHandle@node 
  - rendered on server: Get our app
  - expected on client: Uygulamamızı edinin @ https://cf.quizizz.com/nuxtssr/DFRDhTPU.js:9
[    3333ms] [WARNING] [Vue warn]: Hydration text mismatch in JSHandle@node 
  - rendered on server: "Enter code"
  - expected on client: "Kodu girin" @ https://cf.quizizz.com/nuxtssr/DFRDhTPU.js:9
[    3336ms] [WARNING] [Vue warn]: Hydration text mismatch in JSHandle@node 
  - rendered on server: "Login/Signup"
  - expected on client: "Giriş yapmak kayıt olmak" @ https://cf.quizizz.com/nuxtssr/DFRDhTPU.js:9
[    3375ms] [WARNING] [Vue warn]: Hydration text mismatch in JSHandle@node 
  - rendered on server: "Authored by Muhammed Boğatekin"
  - expected on client: "Yazarı: Muhammed Boğatekin" @ https://cf.quizizz.com/nuxtssr/DFRDhTPU.js:9
[    3387ms] [WARNING] [Vue warn]: Hydration text mismatch in JSHandle@node 
  - rendered on server: "Preview"
  - expected on client: "Ön izleme" @ https://cf.quizizz.com/nuxtssr/DFRDhTPU.js:9
[    3394ms] [WARNING] [Vue warn]: Hydration text mismatch in JSHandle@node 
  - rendered on server: "Add similar questions"
  - expected on client: "Benzer sorular ekleyin" @ https://cf.quizizz.com/nuxtssr/DFRDhTPU.js:9
[    3398ms] [WARNING] [Vue warn]: Hydration text mismatch in JSHandle@node 
  - rendered on server: "More..."
  - expected on client: "Daha fazla..." @ https://cf.quizizz.com/nuxtssr/DFRDhTPU.js:9
[    3407ms] [WARNING] [Vue warn]: Hydration text mismatch in JSHandle@node 
  - rendered on server: "Content View"
  - expected on client: "İçerik Görünümü" @ https://cf.quizizz.com/nuxtssr/DFRDhTPU.js:9
[    3409ms] [WARNING] [Vue warn]: Hydration text mismatch in JSHandle@node 
  - rendered on server: "Student View"
  - expected on client: "Öğrenci Görünümü" @ https://cf.quizizz.com/nuxtssr/DFRDhTPU.js:9
[    3414ms] [WARNING] [Vue warn]: Hydration text mismatch in JSHandle@node 
  - rendered on server: "Worksheet"
  - expected on client: "Çalışma kağıdı" @ https://cf.quizizz.com/nuxtssr/DFRDhTPU.js:9
[    3417ms] [WARNING] [Vue warn]: Hydration text mismatch in JSHandle@node 
  - rendered on server: "Use this activity"
  - expected on client: "Bu aktiviteyi kullan" @ https://cf.quizizz.com/nuxtssr/DFRDhTPU.js:9
[    3423ms] [WARNING] [Vue warn]: Hydration text mismatch in JSHandle@node 
  - rendered on server: "112 questions"
  - expected on client: "112 sorular" @ https://cf.quizizz.com/nuxtssr/DFRDhTPU.js:9
[    3425ms] [WARNING] [Vue warn]: Hydration text mismatch in JSHandle@node 
  - rendered on server: "Show all answers"
  - expected on client: "Tüm cevapları göster" @ https://cf.quizizz.com/nuxtssr/DFRDhTPU.js:9
[    3446ms] [WARNING] [Vue warn]: Hydration text mismatch in JSHandle@node 
  - rendered on server: "AI Enhance"
  - expected on client: "AI Geliştirme" @ https://cf.quizizz.com/nuxtssr/DFRDhTPU.js:9
[    3448ms] [WARNING] [Vue warn]: Hydration text mismatch in JSHandle@node 
  - rendered on server: "Preview"
  - expected on client: "Ön izleme" @ https://cf.quizizz.com/nuxtssr/DFRDhTPU.js:9
[    3451ms] [WARNING] [Vue warn]: Hydration text mismatch in JSHandle@node 
  - rendered on server: "Edit"
  - expected on client: "Düzenlemek" @ https://cf.quizizz.com/nuxtssr/DFRDhTPU.js:9
[    3465ms] [WARNING] [Vue warn]: Hydration text mismatch in JSHandle@node 
  - rendered on server: "AI Enhance"
  - expected on client: "AI Geliştirme" @ https://cf.quizizz.com/nuxtssr/DFRDhTPU.js:9
[    3467ms] [WARNING] [Vue warn]: Hydration text mismatch in JSHandle@node 
  - rendered on server: "Preview"
  - expected on client: "Ön izleme" @ https://cf.quizizz.com/nuxtssr/DFRDhTPU.js:9
[    3470ms] [WARNING] [Vue warn]: Hydration text mismatch in JSHandle@node 
  - rendered on server: "Edit"
  - expected on client: "Düzenlemek" @ https://cf.quizizz.com/nuxtssr/DFRDhTPU.js:9
[    3479ms] [WARNING] [Vue warn]: Hydration text mismatch in JSHandle@node 
  - rendered on server: "AI Enhance"
  - expected on client: "AI Geliştirme" @ https://cf.quizizz.com/nuxtssr/DFRDhTPU.js:9
[    3482ms] [WARNING] [Vue warn]: Hydration text mismatch in JSHandle@node 
  - rendered on server: "Preview"
  - expected on client: "Ön izleme" @ https://cf.quizizz.com/nuxtssr/DFRDhTPU.js:9
[    3484ms] [WARNING] [Vue warn]: Hydration text mismatch in JSHandle@node 
  - rendered on server: "Edit"
  - expected on client: "Düzenlemek" @ https://cf.quizizz.com/nuxtssr/DFRDhTPU.js:9
[    3495ms] [WARNING] [Vue warn]: Hydration text mismatch in JSHandle@node 
  - rendered on server: "AI Enhance"
  - expected on client: "AI Geliştirme" @ https://cf.quizizz.com/nuxtssr/DFRDhTPU.js:9
[    3501ms] [WARNING] [Vue warn]: Hydration text mismatch in JSHandle@node 
  - rendered on server: "Preview"
  - expected on client: "Ön izleme" @ https://cf.quizizz.com/nuxtssr/DFRDhTPU.js:9
[    3503ms] [WARNING] [Vue warn]: Hydration text mismatch in JSHandle@node 
  - rendered on server: "Edit"
  - expected on client: "Düzenlemek" @ https://cf.quizizz.com/nuxtssr/DFRDhTPU.js:9
[    3512ms] [WARNING] [Vue warn]: Hydration text mismatch in JSHandle@node 
  - rendered on server: "AI Enhance"
  - expected on client: "AI Geliştirme" @ https://cf.quizizz.com/nuxtssr/DFRDhTPU.js:9
[    3515ms] [WARNING] [Vue warn]: Hydration text mismatch in JSHandle@node 
  - rendered on server: "Preview"
  - expected on client: "Ön izleme" @ https://cf.quizizz.com/nuxtssr/DFRDhTPU.js:9
[    3517ms] [WARNING] [Vue warn]: Hydration text mismatch in JSHandle@node 
  - rendered on server: "Edit"
  - expected on client: "Düzenlemek" @ https://cf.quizizz.com/nuxtssr/DFRDhTPU.js:9
[    3529ms] [WARNING] [Vue warn]: Hydration text mismatch in JSHandle@node 
  - rendered on server: "AI Enhance"
  - expected on client: "AI Geliştirme" @ https://cf.quizizz.com/nuxtssr/DFRDhTPU.js:9
[    3531ms] [WARNING] [Vue warn]: Hydration text mismatch in JSHandle@node 
  - rendered on server: "Preview"
  - expected on client: "Ön izleme" @ https://cf.quizizz.com/nuxtssr/DFRDhTPU.js:9
[    3534ms] [WARNING] [Vue warn]: Hydration text mismatch in JSHandle@node 
  - rendered on server: "Edit"
  - expected on client: "Düzenlemek" @ https://cf.quizizz.com/nuxtssr/DFRDhTPU.js:9
[    3544ms] [WARNING] [Vue warn]: Hydration text mismatch in JSHandle@node 
  - rendered on server: "AI Enhance"
  - expected on client: "AI Geliştirme" @ https://cf.quizizz.com/nuxtssr/DFRDhTPU.js:9
[    3546ms] [WARNING] [Vue warn]: Hydration text mismatch in JSHandle@node 
  - rendered on server: "Preview"
  - expected on client: "Ön izleme" @ https://cf.quizizz.com/nuxtssr/DFRDhTPU.js:9
[    3548ms] [WARNING] [Vue warn]: Hydration text mismatch in JSHandle@node 
  - rendered on server: "Edit"
  - expected on client: "Düzenlemek" @ https://cf.quizizz.com/nuxtssr/DFRDhTPU.js:9
[    3562ms] [WARNING] [Vue warn]: Hydration text mismatch in JSHandle@node 
  - rendered on server: "AI Enhance"
  - expected on client: "AI Geliştirme" @ https://cf.quizizz.com/nuxtssr/DFRDhTPU.js:9
[    3564ms] [WARNING] [Vue warn]: Hydration text mismatch in JSHandle@node 
  - rendered on server: "Preview"
  - expected on client: "Ön izleme" @ https://cf.quizizz.com/nuxtssr/DFRDhTPU.js:9
[    3565ms] [WARNING] [Vue warn]: Hydration text mismatch in JSHandle@node 
  - rendered on server: "Edit"
  - expected on client: "Düzenlemek" @ https://cf.quizizz.com/nuxtssr/DFRDhTPU.js:9
[    3573ms] [WARNING] [Vue warn]: Hydration text mismatch in JSHandle@node 
  - rendered on server: "AI Enhance"
  - expected on client: "AI Geliştirme" @ https://cf.quizizz.com/nuxtssr/DFRDhTPU.js:9
[    3576ms] [WARNING] [Vue warn]: Hydration text mismatch in JSHandle@node 
  - rendered on server: "Preview"
  - expected on client: "Ön izleme" @ https://cf.quizizz.com/nuxtssr/DFRDhTPU.js:9
[    3578ms] [WARNING] [Vue warn]: Hydration text mismatch in JSHandle@node 
  - rendered on server: "Edit"
  - expected on client: "Düzenlemek" @ https://cf.quizizz.com/nuxtssr/DFRDhTPU.js:9
[    3586ms] [WARNING] [Vue warn]: Hydration text mismatch in JSHandle@node 
  - rendered on server: "AI Enhance"
  - expected on client: "AI Geliştirme" @ https://cf.quizizz.com/nuxtssr/DFRDhTPU.js:9
[    3588ms] [WARNING] [Vue warn]: Hydration text mismatch in JSHandle@node 
  - rendered on server: "Preview"
  - expected on client: "Ön izleme" @ https://cf.quizizz.com/nuxtssr/DFRDhTPU.js:9
[    3590ms] [WARNING] [Vue warn]: Hydration text mismatch in JSHandle@node 
  - rendered on server: "Edit"
  - expected on client: "Düzenlemek" @ https://cf.quizizz.com/nuxtssr/DFRDhTPU.js:9
[    3598ms] [WARNING] [Vue warn]: Hydration text mismatch in JSHandle@node 
  - rendered on server: "Access all questions and much more by creating a free account"
  - expected on client: "Ücretsiz bir hesap oluşturarak tüm sorulara ve daha fazlasına erişin." @ https://cf.quizizz.com/nuxtssr/DFRDhTPU.js:9
[    3603ms] [WARNING] [Vue warn]: Hydration text mismatch in JSHandle@node 
  - rendered on server: "Continue with Google"
  - expected on client: "Google ile devam" @ https://cf.quizizz.com/nuxtssr/DFRDhTPU.js:9
[    3607ms] [WARNING] [Vue warn]: Hydration text mismatch in JSHandle@node 
  - rendered on server: "Continue with Microsoft"
  - expected on client: "Microsoft'a devam et" @ https://cf.quizizz.com/nuxtssr/DFRDhTPU.js:9
[    3609ms] [WARNING] [Vue warn]: Hydration text mismatch in JSHandle@node 
  - rendered on server: "or continue with"
  - expected on client: "veya devam et" @ https://cf.quizizz.com/nuxtssr/DFRDhTPU.js:9
[    3615ms] [WARNING] [Vue warn]: Hydration text mismatch in JSHandle@node 
  - rendered on server: "Already have an account?"
  - expected on client: "Zaten hesabınız var mı?" @ https://cf.quizizz.com/nuxtssr/DFRDhTPU.js:9
[    3617ms] [WARNING] [Vue warn]: Hydration text mismatch in JSHandle@node 
  - rendered on server: "Log in"
  - expected on client: "Giriş yapmak" @ https://cf.quizizz.com/nuxtssr/DFRDhTPU.js:9
[    3619ms] [WARNING] [Vue warn]: Hydration text mismatch in JSHandle@node 
  - rendered on server: "Let me read it first"
  - expected on client: "önce onu okuyayım" @ https://cf.quizizz.com/nuxtssr/DFRDhTPU.js:9
[    3774ms] [WARNING] [Vue warn]: Hydration text mismatch in JSHandle@node 
  - rendered on server: "Popular Resources on Wayground"
  - expected on client: "Wayground'da Popüler Kaynaklar" @ https://cf.quizizz.com/nuxtssr/DFRDhTPU.js:9
[    3779ms] [WARNING] [Vue warn]: Hydration text mismatch in JSHandle@node 
  - rendered on server: " 24 questions "
  - expected on client: " 24 sorular " @ https://cf.quizizz.com/nuxtssr/DFRDhTPU.js:9
[    3784ms] [WARNING] [Vue warn]: Hydration text mismatch in JSHandle@node 
  - rendered on server: "Quiz"
  - expected on client: "Sınav" @ https://cf.quizizz.com/nuxtssr/DFRDhTPU.js:9
[    3790ms] [WARNING] [Vue warn]: Hydration text mismatch in JSHandle@node 
  - rendered on server: " 10 questions "
  - expected on client: " 10 sorular " @ https://cf.quizizz.com/nuxtssr/DFRDhTPU.js:9
[    3793ms] [WARNING] [Vue warn]: Hydration text mismatch in JSHandle@node 
  - rendered on server: "Quiz"
  - expected on client: "Sınav" @ https://cf.quizizz.com/nuxtssr/DFRDhTPU.js:9
[    3797ms] [WARNING] [Vue warn]: Hydration text mismatch in JSHandle@node 
  - rendered on server: " 11 questions "
  - expected on client: " 11 sorular " @ https://cf.quizizz.com/nuxtssr/DFRDhTPU.js:9
[    3801ms] [WARNING] [Vue warn]: Hydration text mismatch in JSHandle@node 
  - rendered on server: "Quiz"
  - expected on client: "Sınav" @ https://cf.quizizz.com/nuxtssr/DFRDhTPU.js:9
[    3804ms] [WARNING] [Vue warn]: Hydration text mismatch in JSHandle@node 
  - rendered on server: " 15 questions "
  - expected on client: " 15 sorular " @ https://cf.quizizz.com/nuxtssr/DFRDhTPU.js:9
[    3808ms] [WARNING] [Vue warn]: Hydration text mismatch in JSHandle@node 
  - rendered on server: "Quiz"
  - expected on client: "Sınav" @ https://cf.quizizz.com/nuxtssr/DFRDhTPU.js:9
[    3813ms] [WARNING] [Vue warn]: Hydration text mismatch in JSHandle@node 
  - rendered on server: " 35 questions "
  - expected on client: " 35 sorular " @ https://cf.quizizz.com/nuxtssr/DFRDhTPU.js:9
[    3816ms] [WARNING] [Vue warn]: Hydration text mismatch in JSHandle@node 
  - rendered on server: "Quiz"
  - expected on client: "Sınav" @ https://cf.quizizz.com/nuxtssr/DFRDhTPU.js:9
[    3820ms] [WARNING] [Vue warn]: Hydration text mismatch in JSHandle@node 
  - rendered on server: " 18 questions "
  - expected on client: " 18 sorular " @ https://cf.quizizz.com/nuxtssr/DFRDhTPU.js:9
[    3823ms] [WARNING] [Vue warn]: Hydration text mismatch in JSHandle@node 
  - rendered on server: "Quiz"
  - expected on client: "Sınav" @ https://cf.quizizz.com/nuxtssr/DFRDhTPU.js:9
[    4013ms] [LOG] Upgrading IndexedDB to version 1 @ https://cf.quizizz.com/nuxtssr/DFRDhTPU.js:9
[    5450ms] [WARNING] [GSI_LOGGER]: Your client application uses one of the Google One Tap prompt UI status methods that may stop functioning when FedCM becomes mandatory. Refer to the migration guide to update your code accordingly and opt-in to FedCM to test your changes. Learn more: https://developers.google.com/identity/gsi/web/guides/fedcm-migration?s=dc#display_moment and https://developers.google.com/identity/gsi/web/guides/fedcm-migration?s=dc#skipped_moment @ https://cf.quizizz.com/nuxtssr/DFRDhTPU.js:9
[    5450ms] [ERROR] [GSI_LOGGER]: Missing required parameter: client_id. @ https://cf.quizizz.com/nuxtssr/DFRDhTPU.js:9
[    5465ms] [WARNING] [GSI_LOGGER]: google.accounts.id.initialize() is called multiple times. This could cause unexpected behavior and only the last initialized instance will be used. @ https://cf.quizizz.com/nuxtssr/DFRDhTPU.js:9
[    5468ms] [WARNING] [GSI_LOGGER]: Your client application uses one of the Google One Tap prompt UI status methods that may stop functioning when FedCM becomes mandatory. Refer to the migration guide to update your code accordingly and opt-in to FedCM to test your changes. Learn more: https://developers.google.com/identity/gsi/web/guides/fedcm-migration?s=dc#display_moment and https://developers.google.com/identity/gsi/web/guides/fedcm-migration?s=dc#skipped_moment @ https://cf.quizizz.com/nuxtssr/DFRDhTPU.js:9
[    5468ms] [ERROR] [GSI_LOGGER]: Missing required parameter: client_id. @ https://cf.quizizz.com/nuxtssr/DFRDhTPU.js:9
